// Vitest Snapshot v1, https://vitest.dev/guide/snapshot.html

exports[`shared shell integration > hides social section fallback when no social links are provided 1`] = `
<div>
  <header
    class="sticky top-0 z-50 border-b border-border bg-background/95 backdrop-blur-sm print:hidden"
  >
    <div
      class="mx-auto max-w-7xl px-6 py-4 md:px-12 lg:px-24"
    >
      <div
        class="flex items-center justify-between gap-4"
      >
        <div
          class="min-w-0"
        >
          <a
            class="transition-colors focus-visible:outline-none focus-visible:ring-2 focus-visible:ring-ring focus-visible:ring-offset-2 focus-visible:ring-offset-background text-foreground hover:text-accent"
            href="/"
          >
            clean.dev
          </a>
        </div>
        <div
          class="flex shrink-0 items-center gap-2 md:gap-3"
        />
      </div>
      <nav
        aria-label="Main navigation"
        class="mt-4 md:mt-3"
      >
        <ul
          class="flex min-w-0 flex-wrap gap-x-4 gap-y-2 md:gap-8"
          role="list"
        >
          <li>
            <a
              class="transition-colors focus-visible:outline-none focus-visible:ring-2 focus-visible:ring-ring focus-visible:ring-offset-2 focus-visible:ring-offset-background text-label text-foreground hover:text-accent"
              href="/work"
            >
              Portfolio
            </a>
          </li>
          <li>
            <a
              class="transition-colors focus-visible:outline-none focus-visible:ring-2 focus-visible:ring-ring focus-visible:ring-offset-2 focus-visible:ring-offset-background text-label text-foreground hover:text-accent"
              href="/blog"
            >
              Blog
            </a>
          </li>
        </ul>
      </nav>
    </div>
  </header>
  <footer
    class="border-t border-border bg-background print:hidden"
  >
    <div
      class="mx-auto max-w-7xl flex flex-col items-center justify-between gap-4 px-6 py-8 md:flex-row md:px-12 lg:px-24"
    >
      <p
        class="text-label text-xs text-muted-foreground"
      >
        © 2026 clean.dev
      </p>
      <nav
        aria-label="Footer navigation"
        class="flex flex-col items-center gap-4 md:items-end md:gap-5"
      >
        <div
          class="flex flex-wrap items-center justify-center gap-x-6 gap-y-2 md:justify-end"
        >
          <a
            class="transition-colors focus-visible:outline-none focus-visible:ring-2 focus-visible:ring-ring focus-visible:ring-offset-2 focus-visible:ring-offset-background text-muted-foreground hover:text-accent text-label text-xs"
            href="/imprint"
          >
            Legal
          </a>
        </div>
      </nav>
    </div>
  </footer>
</div>
`;
